// Jest Snapshot v1, https://goo.gl/fbAQLP

exports[`Auto formatting Autofix 1 1`] = `
"function hello() {
  const message = \\"powerful\\"
  return message
}
"
`;

exports[`Auto formatting Autofix 2 1`] = `
"const msgs = [ \\"hello\\", \\"world\\", \\"from\\", \\"our\\", \\"test\\" ]
"
`;
